2022-01-17 10:32:43,180:DEBUG:Add: 20 + 10 = 30
2022-01-17 10:32:43,180:DEBUG:Sub: 20 - 10 = 10
2022-01-17 10:32:43,180:DEBUG:Mul: 20 * 10 = 200
2022-01-17 10:32:43,180:DEBUG:Div: 20 / 10 = 2.0
2022-01-17 10:33:17,724:INFO:Add: 20 + 10 = 30
2022-01-17 10:33:17,724:INFO:Sub: 20 - 10 = 10
2022-01-17 10:33:17,724:INFO:Mul: 20 * 10 = 200
2022-01-17 10:33:17,724:INFO:Div: 20 / 10 = 2.0
2022-01-17 10:40:55,534:INFO:Add: 1 + 2 = 3
2022-01-17 10:40:55,534:INFO:Sub: 1 - 2 = -1
2022-01-17 10:40:55,534:INFO:Mul: 1 * 2 = 2
2022-01-17 10:40:55,534:INFO:Div: 1 / 2 = 0.5
